<ul>
  <li>
    <p>a</p>
    <pre><code>b
</code></pre>
  </li>
</ul>
